good: !e test/err.actual
good: !e test/err.diff
good: !e test/err.diff.tmp
good: !e test/exit.actual
good: !e test/exit.diff
good: !e test/exit.diff.tmp
good: !e test/other.actual
good: !e test/other.diff
good: !e test/other.diff.tmp
good: !e test/out.actual
good: !e test/out.diff
good: !e test/out.diff.tmp
