missing: test/err.actual
missing: test/err.diff
missing: test/err.diff.tmp
missing: test/exit.actual
missing: test/exit.diff
missing: test/exit.diff.tmp
missing: test/other.actual
missing: test/other.diff
missing: test/other.diff.tmp
missing: test/out.actual
missing: test/out.diff
missing: test/out.diff.tmp
